// Jest Snapshot v1, https://goo.gl/fbAQLP

exports[`Cart Icon Component Cart Icon Component should render 1`] = `ShallowWrapper {}`;
