// Jest Snapshot v1, https://goo.gl/fbAQLP

exports[`Checkout Page Component Should Render Checkout Page Component 1`] = `ReactWrapper {}`;
