// Jest Snapshot v1, https://goo.gl/fbAQLP

exports[`Testing the Collections Overview Component CollectionOverview Component should render 1`] = `ShallowWrapper {}`;
