// Jest Snapshot v1, https://goo.gl/fbAQLP

exports[`CollectionPreview component Should render CollectionPreview component 1`] = `ShallowWrapper {}`;
