// Jest Snapshot v1, https://goo.gl/fbAQLP

exports[`Collection Item Component Collection Item Item component should be rendered 1`] = `ShallowWrapper {}`;
