// Jest Snapshot v1, https://goo.gl/fbAQLP

exports[`Header component Should render Header component 1`] = `ReactWrapper {}`;
