// Jest Snapshot v1, https://goo.gl/fbAQLP

exports[`Menu Item Component Menu Item Component should render 1`] = `ShallowWrapper {}`;
