// Jest Snapshot v1, https://goo.gl/fbAQLP

exports[`HomePage Component HomePage Component should render 1`] = `ShallowWrapper {}`;
