// Jest Snapshot v1, https://goo.gl/fbAQLP

exports[`Cart Item component should be rendered 1`] = `ShallowWrapper {}`;
