// Jest Snapshot v1, https://goo.gl/fbAQLP

exports[`Testing the Directory Component Directory Component should render 1`] = `ShallowWrapper {}`;
