// Jest Snapshot v1, https://goo.gl/fbAQLP

exports[`CartDropdown component CartDropdown should render 1`] = `ShallowWrapper {}`;
